<?xml version="1.0" encoding="utf-8"?><testsuites name="pytest tests"><testsuite name="pytest" errors="0" failures="0" skipped="0" tests="3" time="0.475" timestamp="2025-11-11T13:25:27.687298-05:00" hostname="SUNNY-VIVOBOOK"><testcase classname="test_app" name="test_hello" file="test_app.py" line="17" time="0.015" /><testcase classname="test_app" name="test_echo" file="test_app.py" line="24" time="0.004" /><testcase classname="test_app" name="test_put_then_delete_item" file="test_app.py" line="32" time="0.006" /></testsuite></testsuites>